// Jest Snapshot v1, https://goo.gl/fbAQLP

exports[`default render button component 1`] = `
<div>
  <div
    data-reactroot=""
    class="button-component group button"
  >
    <button
      id="1"
      type="button"
      class="button primary"
      value="Gravar"
    >
      <span
        class="load fa fa-spinner"
      />
      <span
        class="value"
      >
        Gravar
      </span>
    </button>
  </div>
</div>
`;
